22:05:04 **** Auto Build of configuration Debug for project videoImageTest ****
make pre-build main-build 
a9-linaro-pre-build-step
' '
'Building file: ../src/videoImageProcessingTest.c'
'Invoking: ARM v7 gcc compiler'
arm-none-eabi-gcc -Wall -O0 -g3 -c -fmessage-length=0 -MT"src/videoImageProcessingTest.o" -mcpu=cortex-a9 -mfpu=vfpv3 -mfloat-abi=hard -I../../videoImageTest_bsp/ps7_cortexa9_0/include -MMD -MP -MF"src/videoImageProcessingTest.d" -MT"src/videoImageProcessingTest.o" -o "src/videoImageProcessingTest.o" "../src/videoImageProcessingTest.c"
'Finished building: ../src/videoImageProcessingTest.c'
' '
'Building target: videoImageTest.elf'
'Invoking: ARM v7 gcc linker'
arm-none-eabi-gcc -mcpu=cortex-a9 -mfpu=vfpv3 -mfloat-abi=hard -Wl,-build-id=none -specs=Xilinx.spec -Wl,-T -Wl,../src/lscript.ld -L../../videoImageTest_bsp/ps7_cortexa9_0/lib -o "videoImageTest.elf"  ./src/imageProcess.o ./src/videoImageProcessingTest.o   -Wl,--start-group,-lxil,-lgcc,-lc,--end-group
'Finished building target: videoImageTest.elf'
' '
'Invoking: ARM v7 Print Size'
arm-none-eabi-size videoImageTest.elf  |tee "videoImageTest.elf.size"
   text	   data	    bss	    dec	    hex	filename
 125588	4151548	39790384	44067520	2a06ac0	videoImageTest.elf
'Finished building: videoImageTest.elf.size'
' '

22:05:34 Build Finished (took 30s.523ms)

